// Jest Snapshot v1, https://goo.gl/fbAQLP

exports[`should render ExpenseListItem with expense 1`] = `
<div
  className="expense"
>
  <p
    className="expense__text"
  >
    <Link
      replace={false}
      to="/edit/2"
    >
      Rent
    </Link>
     | 
    109500
     | 
    -345600000
  </p>
</div>
`;
